// Jest Snapshot v1, https://goo.gl/fbAQLP

exports[`Client interactions Should be able to hear emissions from other clients 1`] = `"console.log(\\"Hello, World!\\")"`;

exports[`Client interactions Should be able to run code and have both clients receive stdout 1`] = `
Object {
  "console": Array [
    "hello!",
  ],
  "result": "null",
}
`;

exports[`Client interactions Should be able to run code and have both clients receive stdout 2`] = `
Object {
  "console": Array [
    "hello!",
  ],
  "result": "null",
}
`;
